Test auc: 0.5129451116729877
Confusion Matrix:
 [[226   0]
 [ 84   0]]
Test auc: 0.4910977665402444
Test auc: 0.4792456805731142
Test auc: 0.48814791403286983
Test auc: 0.5014222503160556
Test auc: 0.49806415929203535
Test auc: 0.5154340497260852
Confusion Matrix:
 [[204  22]
 [ 71  13]]
Test auc: 0.50475400337126
Test auc: 0.5092051201011378
Test auc: 0.534647597977244
Confusion Matrix:
 [[204  22]
 [ 71  13]]
Test auc: 0.5347134428992836
Confusion Matrix:
 [[211  15]
 [ 73  11]]
Test auc: 0.5501211546565529
Confusion Matrix:
 [[203  23]
 [ 70  14]]
Test auc: 0.5425753265908133
Test auc: 0.5575221238938053
Confusion Matrix:
 [[202  24]
 [ 66  18]]
Test auc: 0.5752212389380531
Confusion Matrix:
 [[206  20]
 [ 67  17]]
Test auc: 0.5493573535608933
Test auc: 0.5638827433628317
Test auc: 0.5485145385587863
Test auc: 0.5516092498946481
Test auc: 0.5552833965444585
Test auc: 0.5536372734934683
Test auc: 0.5522281921618205
Test auc: 0.5506479140328697
Test auc: 0.5554019174041298
Test auc: 0.5419037083860092
Test auc: 0.5616176780446692
Test auc: 0.5620917614833545
Test auc: 0.5694400547829751
